// Jest Snapshot v1, https://goo.gl/fbAQLP

exports[`Multiple 2 by 2 equals to 4 1`] = `4`;
